
> Configure project :
Fabric Loom: 1.10.5

> Task :compileJava UP-TO-DATE
> Task :processResources UP-TO-DATE
> Task :classes UP-TO-DATE
> Task :compileClientJava UP-TO-DATE
> Task :processClientResources UP-TO-DATE
> Task :clientClasses UP-TO-DATE
> Task :generateLog4jConfig UP-TO-DATE
> Task :generateRemapClasspath UP-TO-DATE
> Task :generateDLIConfig UP-TO-DATE
> Task :configureLaunch UP-TO-DATE
> Task :downloadAssets UP-TO-DATE
> Task :configureClientLaunch UP-TO-DATE

> Task :runDevShots
[08:24:50] [main/INFO] (FabricLoader/GameProvider) Loading Minecraft 1.21.1 with Fabric Loader 0.17.2
[08:24:50] [main/INFO] (FabricLoader) Loading 57 mods:
	- fabric-api 0.116.17+1.21.1
	- fabric-api-base 0.4.42+6573ed8c19
	- fabric-api-lookup-api-v1 1.6.72+7b3d111d19
	- fabric-biome-api-v1 13.0.31+d527f9fd19
	- fabric-block-api-v1 1.1.0+0bc3503219
	- fabric-block-view-api-v2 1.0.11+ebb2264e19
	- fabric-blockrenderlayer-v1 1.1.52+0af3f5a719
	- fabric-client-tags-api-v1 1.2.0+1eb36c0719
	- fabric-command-api-v1 1.2.49+f71b366f19
	- fabric-command-api-v2 2.2.28+6ced4dd919
	- fabric-commands-v0 0.2.66+df3654b319
	- fabric-content-registries-v0 8.0.19+b559734419
	- fabric-convention-tags-v1 2.1.7+7f945d5b19
	- fabric-convention-tags-v2 2.12.0+c3656daa19
	- fabric-crash-report-info-v1 0.2.29+0af3f5a719
	- fabric-data-attachment-api-v1 1.4.7+5b36e0f719
	- fabric-data-generation-api-v1 20.3.0+1eb36c0719
	- fabric-dimensions-v1 4.0.1+65213ef819
	- fabric-entity-events-v1 1.8.0+2b27e0a419
	- fabric-events-interaction-v0 0.7.14+ba9dae0619
	- fabric-game-rule-api-v1 1.0.53+6ced4dd919
	- fabric-gametest-api-v1 2.0.5+6fc22b9919
	- fabric-item-api-v1 11.3.0+467044f319
	- fabric-item-group-api-v1 4.1.7+def88e3a19
	- fabric-key-binding-api-v1 1.0.47+0af3f5a719
	- fabric-keybindings-v0 0.2.45+df3654b319
	- fabric-lifecycle-events-v1 2.6.0+0865547519
	- fabric-loot-api-v2 3.0.15+3f89f5a519
	- fabric-loot-api-v3 1.0.3+3f89f5a519
	- fabric-message-api-v1 6.0.14+8aaf3aca19
	- fabric-model-loading-api-v1 2.1.0+b4d813fc19
	- fabric-networking-api-v1 4.3.1+d30f6a7919
	- fabric-object-builder-api-v1 15.2.1+40875a9319
	- fabric-particles-v1 4.0.2+6573ed8c19
	- fabric-recipe-api-v1 5.0.16+2475392c19
	- fabric-registry-sync-v0 5.3.2+e3eddc2119
	- fabric-renderer-api-v1 3.4.1+b4d813fc19
	- fabric-renderer-indigo 1.7.1+c705a49c19
	- fabric-renderer-registries-v1 3.2.71+df3654b319
	- fabric-rendering-data-attachment-v1 0.3.49+73761d2e19
	- fabric-rendering-fluids-v1 3.1.6+1daea21519
	- fabric-rendering-v0 1.1.74+df3654b319
	- fabric-rendering-v1 5.2.1+f44c2eea19
	- fabric-resource-conditions-api-v1 4.3.0+8dc279b119
	- fabric-resource-loader-v0 1.3.1+5b5275af19
	- fabric-screen-api-v1 2.0.26+639b4c0719
	- fabric-screen-handler-api-v1 1.3.91+b559734419
	- fabric-sound-api-v1 1.0.23+6573ed8c19
	- fabric-tag-api-v1 1.3.0+1eb36c0719
	- fabric-transfer-api-v1 5.4.4+7b3d111d19
	- fabric-transitive-access-wideners-v1 6.2.0+45b9699719
	- fabricloader 0.17.2
	- geckolib 4.8.2
	- java 21
	- minecraft 1.21.1
	- minewatch 1.1.0
	- mixinextras 0.4.1
[08:24:50] [main/INFO] (FabricLoader/Mixin) SpongePowered MIXIN Subsystem Version=0.8.7 Source=file:/C:/Users/Lenovo/.gradle/caches/modules-2/files-2.1/net.fabricmc/sponge-mixin/0.15.5+mixin.0.8.7/22f9eb729e216a091673a574a5906dc1b9027fb3/sponge-mixin-0.15.5+mixin.0.8.7.jar Service=Knot/Fabric Env=CLIENT
[08:24:50] [main/INFO] (FabricLoader/Mixin) Loaded Fabric development mappings for mixin remapper!
[08:24:51] [main/INFO] (FabricLoader/Mixin) Compatibility level set to JAVA_17
[08:24:51] [main/INFO] (FabricLoader/Mixin) Compatibility level set to JAVA_21
[08:24:52] [main/INFO] (FabricLoader/MixinExtras|Service) Initializing MixinExtras via com.llamalad7.mixinextras.service.MixinExtrasServiceImpl(version=0.4.1).
[08:24:53] [Datafixer Bootstrap/INFO] (Minecraft) 226 Datafixer optimizations took 408 milliseconds
[08:24:59] [Render thread/INFO] (Minecraft) Environment: Environment[sessionHost=https://sessionserver.mojang.com, servicesHost=https://api.minecraftservices.com, name=PROD]
[08:24:59] [Render thread/INFO] (Minecraft) Setting user: Player869
[08:25:00] [Render thread/INFO] (Indigo) [Indigo] Registering Indigo renderer!
[08:25:00] [Render thread/INFO] (Minecraft) [STDOUT]: [MineWatch] 개발 하니스 활성화: 장면 25개
[08:25:01] [Render thread/INFO] (Minecraft) Backend library: LWJGL version 3.3.3-snapshot
[08:25:05] [Render thread/INFO] (Minecraft) Reloading ResourceManager: vanilla, fabric, fabric-api, fabric-api-base, fabric-api-lookup-api-v1, fabric-biome-api-v1, fabric-block-api-v1, fabric-block-view-api-v2, fabric-blockrenderlayer-v1, fabric-client-tags-api-v1, fabric-command-api-v1, fabric-command-api-v2, fabric-commands-v0, fabric-content-registries-v0, fabric-convention-tags-v1, fabric-convention-tags-v2, fabric-crash-report-info-v1, fabric-data-attachment-api-v1, fabric-data-generation-api-v1, fabric-dimensions-v1, fabric-entity-events-v1, fabric-events-interaction-v0, fabric-game-rule-api-v1, fabric-gametest-api-v1, fabric-item-api-v1, fabric-item-group-api-v1, fabric-key-binding-api-v1, fabric-keybindings-v0, fabric-lifecycle-events-v1, fabric-loot-api-v2, fabric-loot-api-v3, fabric-message-api-v1, fabric-model-loading-api-v1, fabric-networking-api-v1, fabric-object-builder-api-v1, fabric-particles-v1, fabric-recipe-api-v1, fabric-registry-sync-v0, fabric-renderer-api-v1, fabric-renderer-indigo, fabric-renderer-registries-v1, fabric-rendering-data-attachment-v1, fabric-rendering-fluids-v1, fabric-rendering-v0, fabric-rendering-v1, fabric-resource-conditions-api-v1, fabric-resource-loader-v0, fabric-screen-api-v1, fabric-screen-handler-api-v1, fabric-sound-api-v1, fabric-tag-api-v1, fabric-transfer-api-v1, fabric-transitive-access-wideners-v1, fabricloader, minewatch
[08:25:06] [Worker-Main-1/INFO] (Minecraft) Found unifont_all_no_pua-15.1.05.hex, loading
[08:25:06] [Worker-Main-10/INFO] (Minecraft) Found unifont_jp_patch-15.1.05.hex, loading
[08:25:11] [Render thread/WARN] (Minecraft) Missing sound for event: minecraft:item.goat_horn.play
[08:25:11] [Render thread/WARN] (Minecraft) Missing sound for event: minecraft:entity.goat.screaming.horn_break
[08:25:12] [Render thread/INFO] (Minecraft) OpenAL initialized on device OpenAL Soft on 스피커(3- Realtek(R) Audio)
[08:25:12] [Render thread/INFO] (Minecraft) Sound engine started
[08:25:12] [Render thread/INFO] (Minecraft) Created: 2048x2048x4 minecraft:textures/atlas/blocks.png-atlas
[08:25:13] [Render thread/INFO] (Minecraft) Created: 256x256x4 minecraft:textures/atlas/signs.png-atlas
[08:25:13] [Render thread/INFO] (Minecraft) Created: 512x512x4 minecraft:textures/atlas/shield_patterns.png-atlas
[08:25:13] [Render thread/INFO] (Minecraft) Created: 512x512x4 minecraft:textures/atlas/banner_patterns.png-atlas
[08:25:13] [Render thread/INFO] (Minecraft) Created: 1024x1024x4 minecraft:textures/atlas/armor_trims.png-atlas
[08:25:13] [Render thread/INFO] (Minecraft) Created: 128x64x4 minecraft:textures/atlas/decorated_pot.png-atlas
[08:25:13] [Render thread/INFO] (Minecraft) Created: 256x256x4 minecraft:textures/atlas/chest.png-atlas
[08:25:13] [Render thread/INFO] (Minecraft) Created: 512x256x4 minecraft:textures/atlas/shulker_boxes.png-atlas
[08:25:13] [Render thread/INFO] (Minecraft) Created: 512x256x4 minecraft:textures/atlas/beds.png-atlas
[08:25:13] [Render thread/INFO] (Minecraft) Created: 512x256x0 minecraft:textures/atlas/particles.png-atlas
[08:25:13] [Render thread/INFO] (Minecraft) Created: 512x256x0 minecraft:textures/atlas/paintings.png-atlas
[08:25:13] [Render thread/INFO] (Minecraft) Created: 256x128x0 minecraft:textures/atlas/mob_effects.png-atlas
[08:25:13] [Render thread/INFO] (Minecraft) Created: 64x64x0 minecraft:textures/atlas/map_decorations.png-atlas
[08:25:13] [Render thread/INFO] (Minecraft) Created: 1024x512x0 minecraft:textures/atlas/gui.png-atlas
[08:25:13] [Render thread/WARN] (Minecraft) Shader rendertype_entity_translucent_emissive could not find sampler named Sampler2 in the specified shader program.
[08:25:15] [Render thread/INFO] (Minecraft) Loaded 1290 recipes
[08:25:15] [Render thread/INFO] (Minecraft) Loaded 1399 advancements
[08:25:15] [Render thread/INFO] (BiomeModificationImpl) Applied 0 biome modifications to 0 of 64 new biomes in 1.345 ms
[08:25:15] [Server thread/INFO] (Minecraft) Starting integrated minecraft server version 1.21.1
[08:25:15] [Server thread/INFO] (Minecraft) Generating keypair
[08:25:16] [Server thread/INFO] (Minecraft) Preparing start region for dimension minecraft:overworld
[08:25:16] [Render thread/INFO] (Minecraft) 스폰 영역 준비 중: 0%
[08:25:16] [Render thread/INFO] (Minecraft) Time elapsed: 514 ms
[08:25:16] [Server thread/INFO] (Minecraft) Changing view distance to 12, from 10
[08:25:16] [Server thread/INFO] (Minecraft) Changing simulation distance to 12, from 0
[08:25:17] [Server thread/INFO] (Minecraft) Player869[local:E:56cab552] logged in with entity id 53 at (20000.5, 120.0, 19989.5)
[08:25:17] [Server thread/INFO] (Minecraft) Player869이(가) 게임에 참여했습니다
[08:25:18] [Render thread/INFO] (Minecraft) Loaded 2 advancements
[08:25:19] [Server thread/INFO] (Minecraft) Saving and pausing game...
[08:25:19] [Server thread/INFO] (Minecraft) Saving chunks for level 'ServerLevel[새로운 세계]'/minecraft:overworld
[08:25:19] [Server thread/INFO] (Minecraft) Saving chunks for level 'ServerLevel[새로운 세계]'/minecraft:the_nether
[08:25:19] [Server thread/INFO] (Minecraft) Saving chunks for level 'ServerLevel[새로운 세계]'/minecraft:the_end
[08:25:27] [Render thread/INFO] (Minecraft) [STDOUT]: [MineWatch] 스크린샷 01_lobby_auto
[08:25:29] [Server thread/INFO] (Minecraft) Saving and pausing game...
[08:25:29] [Server thread/INFO] (Minecraft) Saving chunks for level 'ServerLevel[새로운 세계]'/minecraft:overworld
[08:25:29] [Server thread/INFO] (Minecraft) Saving chunks for level 'ServerLevel[새로운 세계]'/minecraft:the_nether
[08:25:29] [Server thread/INFO] (Minecraft) Saving chunks for level 'ServerLevel[새로운 세계]'/minecraft:the_end
[08:25:29] [Render thread/INFO] (Minecraft) [STDOUT]: [MineWatch] 스크린샷 02_lobby
[08:25:31] [Render thread/INFO] (Minecraft) [STDOUT]: [MineWatch] 스크린샷 03_pick_flash
[08:25:32] [Render thread/INFO] (Minecraft) [STDOUT]: [MineWatch] 스크린샷 03_pick_tracer
[08:25:34] [Render thread/INFO] (Minecraft) [STDOUT]: [MineWatch] 스크린샷 03_pick_soldier76
[08:25:37] [Render thread/INFO] (Minecraft) [STDOUT]: [MineWatch] 스크린샷 03_pick_widowmaker
[08:25:39] [Render thread/INFO] (Minecraft) [STDOUT]: [MineWatch] 스크린샷 03_pick_reinhardt
[08:25:41] [Render thread/INFO] (Minecraft) [STDOUT]: [MineWatch] 스크린샷 03_pick_roadhog
[08:25:43] [Render thread/INFO] (Minecraft) [STDOUT]: [MineWatch] 스크린샷 03_pick_ana
[08:25:45] [Render thread/INFO] (Minecraft) [STDOUT]: [MineWatch] 스크린샷 03_pick_mercy
[08:25:47] [Server thread/INFO] (Minecraft) Saving and pausing game...
[08:25:47] [Server thread/INFO] (Minecraft) Saving chunks for level 'ServerLevel[새로운 세계]'/minecraft:overworld
[08:25:47] [Server thread/INFO] (Minecraft) Saving chunks for level 'ServerLevel[새로운 세계]'/minecraft:the_nether
[08:25:47] [Server thread/INFO] (Minecraft) Saving chunks for level 'ServerLevel[새로운 세계]'/minecraft:the_end
[08:25:47] [Render thread/INFO] (Minecraft) [STDOUT]: [MineWatch] 스크린샷 04_settings
[08:25:48] [Render thread/INFO] (Minecraft) [STDOUT]: [MineWatch] 하니스 완료
[08:25:48] [Render thread/INFO] (Minecraft) Stopping!
[08:25:48] [Server thread/INFO] (Minecraft) Player869 lost connection: 연결 끊김
[08:25:48] [Server thread/INFO] (Minecraft) Player869이(가) 게임을 떠났습니다
[08:25:48] [Server thread/INFO] (Minecraft) Stopping singleplayer server as player logged out
[08:25:48] [Server thread/INFO] (Minecraft) Stopping server
[08:25:48] [Server thread/INFO] (Minecraft) Saving players
[08:25:48] [Server thread/INFO] (Minecraft) Saving worlds
[08:25:49] [Server thread/INFO] (Minecraft) Saving chunks for level 'ServerLevel[새로운 세계]'/minecraft:overworld
[08:25:49] [Server thread/INFO] (Minecraft) Saving chunks for level 'ServerLevel[새로운 세계]'/minecraft:the_nether
[08:25:49] [Server thread/INFO] (Minecraft) Saving chunks for level 'ServerLevel[새로운 세계]'/minecraft:the_end
[08:25:49] [Server thread/INFO] (Minecraft) ThreadedAnvilChunkStorage (mw-dev): All chunks are saved
[08:25:49] [Server thread/INFO] (Minecraft) ThreadedAnvilChunkStorage (DIM-1): All chunks are saved
[08:25:49] [Server thread/INFO] (Minecraft) ThreadedAnvilChunkStorage (DIM1): All chunks are saved
[08:25:49] [Server thread/INFO] (Minecraft) ThreadedAnvilChunkStorage: All dimensions are saved

BUILD SUCCESSFUL in 1m 2s
9 actionable tasks: 1 executed, 8 up-to-date
